[{
	"resource": "/G:/App/myapps/mediswitch/mediswitch/android/",
	"owner": "_generated_diagnostic_collection_name_#4",
	"code": "0",
	"severity": 8,
	"message": "Can't use Java 23.0.2 and Gradle 7.6.3 to import Gradle project android.",
	"source": "Java",
	"startLineNumber": 1,
	"startColumn": 1,
	"endLineNumber": 1,
	"endColumn": 1,
	"extensionID": "redhat.java"
},{
	"resource": "/G:/App/myapps/mediswitch/mediswitch/android/",
	"owner": "_generated_diagnostic_collection_name_#4",
	"code": "0",
	"severity": 8,
	"message": "The supplied phased action failed with an exception.\r\nCould not open init generic class cache for initialization script 'C:\\Users\\mmlot\\AppData\\Roaming\\Trae\\User\\globalStorage\\redhat.java\\1.40.0\\config_win\\org.eclipse.osgi\\58\\0\\.cp\\gradle\\init\\init.gradle' (C:\\Users\\mmlot\\.gradle\\caches\\7.6.3\\scripts\\9iodf8hgeg304w3rl07eha3th).\r\nBUG! exception in phase 'semantic analysis' in source unit '_BuildScript_' Unsupported class file major version 67\r\nUnsupported class file major version 67",
	"source": "Java",
	"startLineNumber": 1,
	"startColumn": 1,
	"endLineNumber": 1,
	"endColumn": 1,
	"extensionID": "redhat.java"
},{
	"resource": "/G:/App/myapps/mediswitch/mediswitch/android/",
	"owner": "_generated_diagnostic_collection_name_#4",
	"code": "0",
	"severity": 8,
	"message": "The supplied phased action failed with an exception.\r\nCould not open init generic class cache for initialization script 'C:\\Users\\mmlot\\AppData\\Roaming\\Trae\\User\\globalStorage\\redhat.java\\1.40.0\\config_win\\org.eclipse.osgi\\58\\0\\.cp\\gradle\\init\\init.gradle' (C:\\Users\\mmlot\\.gradle\\caches\\7.6.3\\scripts\\9iodf8hgeg304w3rl07eha3th).\r\nBUG! exception in phase 'semantic analysis' in source unit '_BuildScript_' Unsupported class file major version 67\r\nUnsupported class file major version 67",
	"source": "Java",
	"startLineNumber": 1,
	"startColumn": 1,
	"endLineNumber": 1,
	"endColumn": 1,
	"extensionID": "redhat.java"
}]


[{
	"resource": "/g:/App/myapps/mediswitch/mediswitch/lib/utils/animation_utils.dart",
	"owner": "_generated_diagnostic_collection_name_#1",
	"code": {
		"value": "argument_type_not_assignable",
		"target": {
			"$mid": 1,
			"path": "/diagnostics/argument_type_not_assignable",
			"scheme": "https",
			"authority": "dart.dev"
		}
	},
	"severity": 8,
	"message": "The argument type 'double' can't be assigned to the parameter type 'Offset?'. ",
	"source": "dart",
	"startLineNumber": 108,
	"startColumn": 14,
	"endLineNumber": 108,
	"endColumn": 18,
	"extensionID": "Dart-Code.dart-code"
},{
	"resource": "/g:/App/myapps/mediswitch/mediswitch/lib/utils/animation_utils.dart",
	"owner": "_generated_diagnostic_collection_name_#1",
	"code": {
		"value": "argument_type_not_assignable",
		"target": {
			"$mid": 1,
			"path": "/diagnostics/argument_type_not_assignable",
			"scheme": "https",
			"authority": "dart.dev"
		}
	},
	"severity": 8,
	"message": "The argument type 'double' can't be assigned to the parameter type 'Offset?'. ",
	"source": "dart",
	"startLineNumber": 109,
	"startColumn": 12,
	"endLineNumber": 109,
	"endColumn": 14,
	"extensionID": "Dart-Code.dart-code"
}]

[{
	"resource": "/g:/App/myapps/mediswitch/mediswitch/lib/services/database_update.dart",
	"owner": "_generated_diagnostic_collection_name_#1",
	"code": {
		"value": "avoid_print",
		"target": {
			"$mid": 1,
			"path": "/diagnostics/avoid_print",
			"scheme": "https",
			"authority": "dart.dev"
		}
	},
	"severity": 2,
	"message": "Don't invoke 'print' in production code.\nTry using a logging framework.",
	"source": "dart",
	"startLineNumber": 85,
	"startColumn": 7,
	"endLineNumber": 85,
	"endColumn": 12,
	"extensionID": "Dart-Code.dart-code"
}]